#-----------------------------------------------------------
# Vivado v2017.4 (64-bit)
# SW Build 2086221 on Fri Dec 15 20:55:39 MST 2017
# IP Build 2085800 on Fri Dec 15 22:25:07 MST 2017
# Start of session at: Wed Dec 18 21:01:06 2019
# Process ID: 18540
# Current directory: D:/Vivado/Xilinx/single-cycle-CPU
# Command line: vivado.exe -gui_launcher_event rodinguilauncherevent18732 D:\Vivado\Xilinx\single-cycle-CPU\single-cycle-CPU.xpr
# Log file: D:/Vivado/Xilinx/single-cycle-CPU/vivado.log
# Journal file: D:/Vivado/Xilinx/single-cycle-CPU\vivado.jou
#-----------------------------------------------------------
start_gui
open_project D:/Vivado/Xilinx/single-cycle-CPU/single-cycle-CPU.xpr
update_compile_order -fileset sources_1
ipx::package_project -root_dir d:/vivado/xilinx/single-cycle-cpu/single-cycle-cpu.srcs/sources_1/new -vendor xilinx.com -library user -taxonomy /UserIP -force
set_property core_revision 2 [ipx::current_core]
ipx::create_xgui_files [ipx::current_core]
ipx::update_checksums [ipx::current_core]
ipx::save_core [ipx::current_core]
update_ip_catalog -rebuild -repo_path d:/Vivado/Xilinx/single-cycle-CPU/single-cycle-CPU.srcs/sources_1/new
create_bd_design "design_1"
update_compile_order -fileset sources_1
startgroup
create_bd_cell -type ip -vlnv xilinx.com:ip:processing_system7:5.5 processing_system7_0
endgroup
# Disabling source management mode.  This is to allow the top design properties to be set without GUI intervention.
set_property source_mgmt_mode None [current_project]
set_property top test_id [get_filesets sim_1]
set_property top_lib xil_defaultlib [get_filesets sim_1]
# Re-enabling previously disabled source management mode.
set_property source_mgmt_mode All [current_project]
update_compile_order -fileset sim_1
launch_simulation
source test_id.tcl
close_sim
# Disabling source management mode.  This is to allow the top design properties to be set without GUI intervention.
set_property source_mgmt_mode None [current_project]
set_property top test_cup_top [get_filesets sim_1]
set_property top_lib xil_defaultlib [get_filesets sim_1]
# Re-enabling previously disabled source management mode.
set_property source_mgmt_mode All [current_project]
update_compile_order -fileset sim_1
launch_simulation
source test_cup_top.tcl
close_sim
